// Jest Snapshot v1, https://goo.gl/fbAQLP

exports[`<NetzerTextInput /> Renders Properly 1`] = `
<View
  style={
    Array [
      Object {
        "marginBottom": 10,
        "marginTop": 5,
        "width": "100%",
      },
      undefined,
    ]
  }
>
  <View
    style={
      Object {
        "alignItems": "stretch",
        "flexDirection": "row",
      }
    }
  >
    <TextInput
      autoCapitalize="none"
      autoComplete="off"
      autoCorrect={false}
      blurOnSubmit={false}
      editable={true}
      keyboardType="ascii-capable"
      onBlur={[Function]}
      onChangeText={[Function]}
      onFocus={[Function]}
      onSubmitEditing={[Function]}
      placeholderTextColor="black"
      secureTextEntry={false}
      style={
        Object {
          "flex": 1,
          "paddingBottom": 10,
          "paddingTop": 20,
        }
      }
      textContentType="none"
      value="Test"
    />
  </View>
  <View
    style={
      Object {
        "borderBottomColor": "#d8d8d8",
        "borderBottomWidth": 1,
        "marginBottom": 5,
        "width": "100%",
      }
    }
  />
</View>
`;
