// Jest Snapshot v1, https://goo.gl/fbAQLP

exports[`<NetzerListEmpty /> renders 1`] = `
<View
  style={
    Object {
      "alignItems": "center",
      "flex": 1,
      "justifyContent": "center",
    }
  }
>
  <Text
    fontStyle="BOLD"
    style={
      Array [
        Object {
          "fontSize": 14,
          "lineHeight": 18,
        },
        undefined,
        Object {
          "color": "#767676",
          "fontSize": 18,
          "marginTop": 30,
        },
      ]
    }
  >
    hello
  </Text>
</View>
`;
