// Jest Snapshot v1, https://goo.gl/fbAQLP

exports[`<OrderAddress /> renders 1`] = `
<View
  style={Object {}}
>
  <View>
    <Text
      fontStyle={12}
      style={
        Array [
          Object {
            "fontSize": 14,
            "lineHeight": 18,
          },
          undefined,
          Object {
            "fontSize": 14,
            "marginBottom": 5,
            "marginTop": 15,
          },
        ]
      }
    >
      Direccion
    </Text>
    <Text
      fontStyle={12}
      style={
        Array [
          Object {
            "fontSize": 14,
            "lineHeight": 18,
          },
          undefined,
          Object {
            "fontSize": 20,
            "fontWeight": "400",
            "lineHeight": 24,
          },
        ]
      }
    >
      N/A
    </Text>
  </View>
  <View>
    <Text
      fontStyle={12}
      style={
        Array [
          Object {
            "fontSize": 14,
            "lineHeight": 18,
          },
          undefined,
          Object {
            "fontSize": 14,
            "marginBottom": 5,
            "marginTop": 15,
          },
        ]
      }
    >
      Referencia
    </Text>
    <Text
      fontStyle={12}
      style={
        Array [
          Object {
            "fontSize": 14,
            "lineHeight": 18,
          },
          undefined,
          Object {
            "fontSize": 20,
            "fontWeight": "400",
            "lineHeight": 24,
          },
        ]
      }
    >
      N/A
    </Text>
  </View>
</View>
`;
