// Jest Snapshot v1, https://goo.gl/fbAQLP

exports[`<OrderPayment /> renders 1`] = `
<View
  style={Object {}}
>
  <Text>
    Prescriptions
  </Text>
</View>
`;
