// Jest Snapshot v1, https://goo.gl/fbAQLP

exports[`<NetzerIconButton /> renders 1`] = `
<View
  accessibilityRole="button"
  accessible={true}
  collapsable={false}
  focusable={false}
  onClick={[Function]}
  onResponderGrant={[Function]}
  onResponderMove={[Function]}
  onResponderRelease={[Function]}
  onResponderTerminate={[Function]}
  onResponderTerminationRequest={[Function]}
  onStartShouldSetResponder={[Function]}
  style={
    Object {
      "alignItems": "center",
      "flexDirection": "row",
      "justifyContent": "center",
      "opacity": 1,
    }
  }
  testID="WLICON-BUTTON"
>
  <View
    style={
      Object {
        "alignItems": "center",
        "flexDirection": "column",
      }
    }
  >
    <View
      style={Object {}}
    >
      <Text>
        <Text
          allowFontScaling={false}
          selectable={false}
          style={
            Array [
              Object {
                "color": "#333333",
                "fontSize": 20,
              },
              Object {
                "justifyContent": "center",
              },
              Object {
                "fontFamily": "Ionicons",
                "fontStyle": "normal",
                "fontWeight": "normal",
              },
              Object {},
            ]
          }
          testID="WLICON-BUTTON-ICON"
        >
          Ôçá
        </Text>
      </Text>
    </View>
  </View>
</View>
`;
