// Jest Snapshot v1, https://goo.gl/fbAQLP

exports[`<NetzerIcon /> renders 1`] = `
<Text>
  <Text
    allowFontScaling={false}
    selectable={false}
    style={
      Array [
        Object {
          "color": "#000000",
          "fontSize": 22,
        },
        undefined,
        Object {
          "fontFamily": "Ionicons",
          "fontStyle": "normal",
          "fontWeight": "normal",
        },
        Object {},
      ]
    }
    testID="NETZER-ICON-HOME-OUTLINE"
  >
    Ôçá
  </Text>
</Text>
`;
